// Jest Snapshot v1, https://goo.gl/fbAQLP

exports[`Компонент: getData Произведет успешный вызов и вернет преобразованные данные 1`] = `
Array [
  "1",
  "2",
  "3",
]
`;
